[backblue.gif]
[fade.gif]
[index.html]
[kodeforest.net/html/uoe/extra-images/logo.png]
[kodeforest.net/html/uoe/images/english.jpg]
[kodeforest.net/html/uoe/images/german.jpg]
[kodeforest.net/html/uoe/extra-images/logo_2.png]
[kodeforest.net/html/uoe/extra-images/slider1.jpg]
[kodeforest.net/html/uoe/extra-images/slider2.jpg]
[kodeforest.net/html/uoe/extra-images/slider3.jpg]
[kodeforest.net/html/uoe/extra-images/intro-1.jpg]
[kodeforest.net/html/uoe/extra-images/intro-2.jpg]
[kodeforest.net/html/uoe/extra-images/intro-3.jpg]
[kodeforest.net/html/uoe/extra-images/cur-wrap-2.jpg]
[kodeforest.net/html/uoe/extra-images/cur_ft.jpg]
[kodeforest.net/html/uoe/extra-images/cur-wrap.jpg]
[kodeforest.net/html/uoe/extra-images/cur_ft-2.jpg]
[kodeforest.net/html/uoe/extra-images/cur-wrap-3.jpg]
[kodeforest.net/html/uoe/extra-images/cur_ft-3.jpg]
[kodeforest.net/html/uoe/extra-images/home-gallery1.jpg]
[kodeforest.net/html/uoe/extra-images/home-gallery2.jpg]
[kodeforest.net/html/uoe/extra-images/home-gallery3.jpg]
[kodeforest.net/html/uoe/extra-images/home-gallery4.jpg]
[kodeforest.net/html/uoe/extra-images/home-gallery5.jpg]
[kodeforest.net/html/uoe/extra-images/home-gallery6.jpg]
[kodeforest.net/html/uoe/extra-images/home-gallery7.jpg]
[kodeforest.net/html/uoe/extra-images/faculty-mb1.jpg]
[kodeforest.net/html/uoe/extra-images/faculty-mb2.jpg]
[kodeforest.net/html/uoe/extra-images/faculty-mb3.jpg]
[kodeforest.net/html/uoe/extra-images/faculty-mb4.jpg]
[kodeforest.net/html/uoe/extra-images/news1.jpg]
[kodeforest.net/html/uoe/extra-images/news2.jpg]
[kodeforest.net/html/uoe/extra-images/news3.jpg]
[kodeforest.net/html/uoe/extra-images/news4.jpg]
[kodeforest.net/html/uoe/extra-images/training-thumb.png]
[kodeforest.net/html/uoe/extra-images/testemonial.1.jpg]
[kodeforest.net/html/uoe/extra-images/testemonial.2.jpg]
[kodeforest.net/html/uoe/extra-images/instagram-1.jpg]
[kodeforest.net/html/uoe/extra-images/instagram-2.jpg]
[kodeforest.net/html/uoe/extra-images/instagram-3.jpg]
[kodeforest.net/html/uoe/extra-images/instagram-4.jpg]
[kodeforest.net/html/uoe/extra-images/instagram-5.jpg]
[kodeforest.net/html/uoe/extra-images/instagram-6.jpg]
[kodeforest.net/html/uoe/extra-images/ft_logo.png]
[kodeforest.net/html/uoe/extra-images/visacard.png]
[kodeforest.net/html/uoe/extra-images/mastercard.png]
[kodeforest.net/html/uoe/extra-images/americancard.png]
[kodeforest.net/html/uoe/extra-images/card.png]
[kodeforest.net/html/uoe/extra-images/descoverycard.png]
[kodeforest.net/html/uoe/js/jquery.js]
[kodeforest.net/html/uoe/js/bootstrap.min.js]
[kodeforest.net/html/uoe/js/jquery.bxslider.min.js]
[kodeforest.net/html/uoe/js/owl.carousel.min.js]
[kodeforest.net/html/uoe/js/jquery.prettyPhoto.js]
[kodeforest.net/html/uoe/js/dl-menu/modernizr.custom.js]
[kodeforest.net/html/uoe/js/dl-menu/jquery.dlmenu.js]
[kodeforest.net/html/uoe/js/moment.min.js]
[kodeforest.net/html/uoe/js/fullcalendar.min.js]
[kodeforest.net/html/uoe/js/jquery.downCount.js]
[kodeforest.net/html/uoe/js/jquery-filterable.js]
[kodeforest.net/html/uoe/js/jquery.accordion.js]
[kodeforest.net/html/uoe/js/waypoints-min.js]
[kodeforest.net/html/uoe/js/jquery.vticker.min.js]
[kodeforest.net/html/uoe/js/jquery.selectric.min.js]
[kodeforest.net/html/uoe/js/jquery.sidr.min.js]
[kodeforest.net/html/uoe/js/custom.js]
[kodeforest.net/html/uoe/index.html]
[kodeforest.net/html/uoe/fonts/glyphicons-halflings-regular.eot]
[kodeforest.net/html/uoe/fonts/glyphicons-halflings-regular.woff2]
[kodeforest.net/html/uoe/fonts/glyphicons-halflings-regulard41d.eot]
[kodeforest.net/html/uoe/fonts/glyphicons-halflings-regular.woff]
[kodeforest.net/html/uoe/fonts/glyphicons-halflings-regular.ttf]
[kodeforest.net/html/uoe/css/bootstrap.min.css]
[kodeforest.net/html/uoe/css/fullcalendar.css]
[kodeforest.net/html/uoe/css/owl.carousel.css]
[kodeforest.net/html/uoe/css/prettyPhoto.css]
[kodeforest.net/html/uoe/css/images/bx_loader.gif]
[kodeforest.net/html/uoe/css/images/controls.png]
[kodeforest.net/html/uoe/css/jquery.bxslider.css]
[kodeforest.net/html/uoe/fonts/fontawesome-webfont93e3.eot]
[kodeforest.net/html/uoe/fonts/fontawesome-webfontd41d.eot]
[kodeforest.net/html/uoe/fonts/fontawesome-webfont93e3.woff2]
[kodeforest.net/html/uoe/fonts/fontawesome-webfont93e3.woff]
[kodeforest.net/html/uoe/fonts/fontawesome-webfont93e3.ttf]
[kodeforest.net/html/uoe/css/font-awesome.min.css]
[kodeforest.net/html/uoe/js/dl-menu/component.css]
[kodeforest.net/html/uoe/svg/fonts/icomoon64f7.eot]
[kodeforest.net/html/uoe/svg/fonts/icomoon64f7.ttf]
[kodeforest.net/html/uoe/svg/fonts/icomoon64f7.woff]
[kodeforest.net/html/uoe/svg/style.css]
[kodeforest.net/html/uoe/css/widget.css]
[kodeforest.net/html/uoe/css/typography.css]
[kodeforest.net/html/uoe/css/shortcodes.css]
[kodeforest.net/html/uoe/images/inrbg.jpg]
[kodeforest.net/html/uoe/extra-images/bg-1.jpg]
[kodeforest.net/html/uoe/images/counter-bg.png]
[kodeforest.net/html/uoe/images/training-bg.jpg]
[kodeforest.net/html/uoe/extra-images/student.jpg]
[kodeforest.net/html/uoe/extra-images/search_bar_bg.png]
[kodeforest.net/html/uoe/images/tick.png]
[kodeforest.net/html/uoe/style.css]
[kodeforest.net/html/uoe/css/color.css]
[kodeforest.net/html/uoe/css/responsive.css]
[kodeforest.net/html/uoe/css/selectric.css]
[kodeforest.net/html/uoe/css/jquery.sidr.dark.css]
[kodeforest.net/html/uoe/extra-images/blogthumbnail.jpg]
[kodeforest.net/html/uoe/extra-images/blog_detail1.jpg]
[kodeforest.net/html/uoe/extra-images/blog_detail2.jpg]
[kodeforest.net/html/uoe/extra-images/blog_detail3.jpg]
[kodeforest.net/html/uoe/extra-images/author.jpg]
[kodeforest.net/html/uoe/extra-images/comment-1.jpg]
[kodeforest.net/html/uoe/extra-images/comment-2.jpg]
[kodeforest.net/html/uoe/extra-images/comment-3.jpg]
[kodeforest.net/html/uoe/extra-images/archive-1.jpg]
[kodeforest.net/html/uoe/extra-images/archive-2.jpg]
[kodeforest.net/html/uoe/extra-images/archive-3.jpg]
[kodeforest.net/html/uoe/extra-images/courseslist1.jpg]
[kodeforest.net/html/uoe/extra-images/courseslist2.jpg]
[kodeforest.net/html/uoe/extra-images/courseslist3.jpg]
[kodeforest.net/html/uoe/extra-images/courseslist4.jpg]
[kodeforest.net/html/uoe/extra-images/courseslist5.jpg]
[kodeforest.net/html/uoe/extra-images/courseslist6.jpg]
[kodeforest.net/html/uoe/blog-detail.html]
[kodeforest.net/html/uoe/extra-images/event_detail.jpg]
[kodeforest.net/html/uoe/extra-images/event_detail2.jpg]
[kodeforest.net/html/uoe/extra-images/event_detail3.jpg]
[kodeforest.net/html/uoe/extra-images/event-sp.jpg]
[kodeforest.net/html/uoe/extra-images/event-sp2.jpg]
[kodeforest.net/html/uoe/extra-images/event-sp3.jpg]
[kodeforest.net/html/uoe/extra-images/event_gallery1.jpg]
[kodeforest.net/html/uoe/extra-images/event_gallery2.jpg]
[kodeforest.net/html/uoe/extra-images/event_gallery3.jpg]
[kodeforest.net/html/uoe/extra-images/event_gallery4.jpg]
[kodeforest.net/html/uoe/extra-images/event_gallery5.jpg]
[kodeforest.net/html/uoe/extra-images/event_gallery6.jpg]
[kodeforest.net/html/uoe/extra-images/event_gallery7.jpg]
[kodeforest.net/html/uoe/extra-images/event_gallery8.jpg]
[kodeforest.net/html/uoe/event-detail.html]
[kodeforest.net/html/uoe/extra-images/col-3-thum1.jpg]
[kodeforest.net/html/uoe/extra-images/col_3_des1.jpg]
[kodeforest.net/html/uoe/extra-images/col-3-thum2.jpg]
[kodeforest.net/html/uoe/extra-images/col-3-thum3.jpg]
[kodeforest.net/html/uoe/extra-images/col-3-thum4.jpg]
[kodeforest.net/html/uoe/extra-images/col-3-thum5.jpg]
[kodeforest.net/html/uoe/extra-images/col-3-thum6.jpg]
[kodeforest.net/html/uoe/extra-images/col-3-thum7.jpg]
[kodeforest.net/html/uoe/extra-images/col-3-thum8.jpg]
[kodeforest.net/html/uoe/extra-images/col-3-thum9.jpg]
[kodeforest.net/html/uoe/our-courses.html]
[kodeforest.net/html/uoe/contactus.html]
[kodeforest.net/html/uoe/index-2.html]
[kodeforest.net/html/uoe/extra-images/abt-thumb.jpg]
[kodeforest.net/html/uoe/extra-images/student-1.jpg]
[kodeforest.net/html/uoe/extra-images/student-2.jpg]
[kodeforest.net/html/uoe/extra-images/student-3.jpg]
[kodeforest.net/html/uoe/extra-images/student-4.jpg]
[kodeforest.net/html/uoe/aboutus.html]
[kodeforest.net/html/uoe/extra-images/event1.jpg]
[kodeforest.net/html/uoe/extra-images/event2.jpg]
[kodeforest.net/html/uoe/extra-images/event3.jpg]
[kodeforest.net/html/uoe/extra-images/event4.jpg]
[kodeforest.net/html/uoe/extra-images/event5.jpg]
[kodeforest.net/html/uoe/extra-images/event6.jpg]
[kodeforest.net/html/uoe/our-event.html]
[kodeforest.net/html/uoe/extra-images/event_1.jpg]
[kodeforest.net/html/uoe/extra-images/event_2.jpg]
[kodeforest.net/html/uoe/extra-images/event_3.jpg]
[kodeforest.net/html/uoe/extra-images/event_4.jpg]
[kodeforest.net/html/uoe/extra-images/event_5.jpg]
[kodeforest.net/html/uoe/extra-images/event_6.jpg]
[kodeforest.net/html/uoe/js/jquery.plugin.js]
[kodeforest.net/html/uoe/js/jquery.countdown.js]
[kodeforest.net/html/uoe/event-list.html]
[kodeforest.net/html/uoe/extra-images/ourblog-1.jpg]
[kodeforest.net/html/uoe/extra-images/ourblog-2.jpg]
[kodeforest.net/html/uoe/extra-images/ourblog-3.jpg]
[kodeforest.net/html/uoe/extra-images/ourblog-des-1.jpg]
[kodeforest.net/html/uoe/our-blog.html]
[kodeforest.net/html/uoe/extra-images/blog3-1.jpg]
[kodeforest.net/html/uoe/extra-images/blog3-2.jpg]
[kodeforest.net/html/uoe/extra-images/blog3-3.jpg]
[kodeforest.net/html/uoe/extra-images/blog3-4.jpg]
[kodeforest.net/html/uoe/extra-images/blog3-5.jpg]
[kodeforest.net/html/uoe/extra-images/blog3-6.jpg]
[kodeforest.net/html/uoe/extra-images/blog3-7.jpg]
[kodeforest.net/html/uoe/extra-images/blog3-8.jpg]
[kodeforest.net/html/uoe/blog-2-column.html]
[kodeforest.net/html/uoe/extra-images/blog3-9.jpg]
[kodeforest.net/html/uoe/blog-3-column.html]
[kodeforest.net/html/uoe/blog-left-sidebar.html]
[kodeforest.net/html/uoe/blog-right-sidebar.html]
[kodeforest.net/html/uoe/extra-images/courses-1.jpg]
[kodeforest.net/html/uoe/extra-images/courses-2.jpg]
[kodeforest.net/html/uoe/extra-images/courses-3.jpg]
[kodeforest.net/html/uoe/extra-images/courses-4.jpg]
[kodeforest.net/html/uoe/extra-images/courses-5.jpg]
[kodeforest.net/html/uoe/extra-images/courses-6.jpg]
[kodeforest.net/html/uoe/extra-images/courses-7.jpg]
[kodeforest.net/html/uoe/extra-images/courses-8.jpg]
[kodeforest.net/html/uoe/courses-list.html]
[kodeforest.net/html/uoe/extra-images/course-thumbnail.jpg]
[kodeforest.net/html/uoe/extra-images/blog_detail4.jpg]
[kodeforest.net/html/uoe/extra-images/blog_detail5.jpg]
[kodeforest.net/html/uoe/extra-images/blog_detail6.jpg]
[kodeforest.net/html/uoe/extra-images/teacher-sidebar.jpg]
[kodeforest.net/html/uoe/courses-detail.html]
[kodeforest.net/html/uoe/extra-images/faculty-mb5.jpg]
[kodeforest.net/html/uoe/extra-images/faculty-mb6.jpg]
[kodeforest.net/html/uoe/extra-images/faculty-mb7.jpg]
[kodeforest.net/html/uoe/extra-images/faculty-mb8.jpg]
[kodeforest.net/html/uoe/our-teacher.html]
[kodeforest.net/html/uoe/extra-images/teacher.jpg]
[kodeforest.net/html/uoe/extra-images/skill_thumb.jpg]
[kodeforest.net/html/uoe/our-teacher-details.html]
[kodeforest.net/html/uoe/extra-images/masonry_thumb.jpg]
[kodeforest.net/html/uoe/extra-images/masonry_thumb2.jpg]
[kodeforest.net/html/uoe/extra-images/masonry_thumb3.jpg]
[kodeforest.net/html/uoe/extra-images/masonry_thumb4.jpg]
[kodeforest.net/html/uoe/extra-images/masonry_thumb6.jpg]
[kodeforest.net/html/uoe/extra-images/masonry_thumb5.jpg]
[kodeforest.net/html/uoe/extra-images/masonry_thumb9.jpg]
[kodeforest.net/html/uoe/extra-images/masonry_thumb8.jpg]
[kodeforest.net/html/uoe/extra-images/masonry_thumb7.jpg]
[kodeforest.net/html/uoe/gallery-masonary-2col.html]
[kodeforest.net/html/uoe/gallery-masonary.html]
[kodeforest.net/html/uoe/gallery-masonary-4col.html]
[kodeforest.net/html/uoe/extra-images/filterable.jpg]
[kodeforest.net/html/uoe/extra-images/filterable2.jpg]
[kodeforest.net/html/uoe/extra-images/filterable3.jpg]
[kodeforest.net/html/uoe/extra-images/filterable4.jpg]
[kodeforest.net/html/uoe/extra-images/filterable5.jpg]
[kodeforest.net/html/uoe/extra-images/filterable6.jpg]
[kodeforest.net/html/uoe/extra-images/filterable7.jpg]
[kodeforest.net/html/uoe/extra-images/filterable8.jpg]
[kodeforest.net/html/uoe/extra-images/filterable9.jpg]
[kodeforest.net/html/uoe/extra-images/filterable10.jpg]
[kodeforest.net/html/uoe/extra-images/filterable11.jpg]
[kodeforest.net/html/uoe/extra-images/filterable12.jpg]
[kodeforest.net/html/uoe/filterable-gallery.html]
[kodeforest.net/html/uoe/404.html]
[kodeforest.net/html/uoe/contactus-2.html]
[kodeforest.net/html/uoe/about-us.html]
[kodeforest.net/html/uoe/fonts/glyphicons-halflings-regular.svg]
[kodeforest.net/html/uoe/css/grabbing.html]
[kodeforest.net/html/uoe/css/AjaxLoader.html]
[kodeforest.net/html/uoe/images/prettyPhoto/default/sprite.html]
[kodeforest.net/html/uoe/images/prettyPhoto/default/sprite_x.html]
[kodeforest.net/html/uoe/images/prettyPhoto/default/sprite_y.html]
[kodeforest.net/html/uoe/images/prettyPhoto/default/sprite_next.html]
[kodeforest.net/html/uoe/images/prettyPhoto/default/sprite_prev.html]
[kodeforest.net/html/uoe/images/prettyPhoto/default/default_thumb.html]
[kodeforest.net/html/uoe/images/prettyPhoto/default/loader.html]
[kodeforest.net/html/uoe/images/prettyPhoto/light_rounded/sprite.html]
[kodeforest.net/html/uoe/images/prettyPhoto/light_rounded/btnNext.html]
[kodeforest.net/html/uoe/images/prettyPhoto/light_rounded/btnPrevious.html]
[kodeforest.net/html/uoe/images/prettyPhoto/dark_rounded/sprite.html]
[kodeforest.net/html/uoe/images/prettyPhoto/dark_rounded/contentPattern.html]
[kodeforest.net/html/uoe/images/prettyPhoto/dark_rounded/btnNext.html]
[kodeforest.net/html/uoe/images/prettyPhoto/dark_rounded/btnPrevious.html]
[kodeforest.net/html/uoe/images/prettyPhoto/dark_rounded/loader.html]
[kodeforest.net/html/uoe/images/prettyPhoto/dark_square/loader.html]
[kodeforest.net/html/uoe/images/prettyPhoto/dark_square/sprite.html]
[kodeforest.net/html/uoe/images/prettyPhoto/dark_square/btnNext.html]
[kodeforest.net/html/uoe/images/prettyPhoto/dark_square/btnPrevious.html]
[kodeforest.net/html/uoe/images/prettyPhoto/light_square/sprite.html]
[kodeforest.net/html/uoe/images/prettyPhoto/light_square/btnNext.html]
[kodeforest.net/html/uoe/images/prettyPhoto/light_square/btnPrevious.html]
[kodeforest.net/html/uoe/images/prettyPhoto/facebook/sprite.html]
[kodeforest.net/html/uoe/images/prettyPhoto/facebook/contentPatternTop.html]
[kodeforest.net/html/uoe/images/prettyPhoto/facebook/contentPatternLeft.html]
[kodeforest.net/html/uoe/images/prettyPhoto/facebook/contentPatternRight.html]
[kodeforest.net/html/uoe/images/prettyPhoto/facebook/loader.html]
[kodeforest.net/html/uoe/images/prettyPhoto/facebook/btnNext.html]
[kodeforest.net/html/uoe/images/prettyPhoto/facebook/btnPrevious.html]
[kodeforest.net/html/uoe/images/prettyPhoto/facebook/contentPatternBottom.html]
[kodeforest.net/html/uoe/images/prettyPhoto/facebook/default_thumbnail.html]
[kodeforest.net/html/uoe/images/prettyPhoto/light_rounded/loader.html]
[kodeforest.net/html/uoe/fonts/fontawesome-webfont93e3.svg]
[kodeforest.net/html/uoe/svg/fonts/icomoon64f7.svg]
[kodeforest.net/html/images/signin.html]
[kodeforest.net/html/images/register.html]
[kodeforest.net/html/images/company.html]
[kodeforest.net/html/images/e-mail.html]
[kodeforest.net/html/images/location.html]
[kodeforest.net/html/images/destination.html]
[kodeforest.net/html/uoe/extra-images/404_thumb.jpg]
